Component: ARM Compiler 5.06 update 6 (build 750) Tool: armlink [4d35ed]

==============================================================================

Section Cross References

    main.o(i.ADC_IRQHandler) refers to main.o(.data) for valor_adc_teclado
    main.o(i.SysTick_Handler) refers to main.o(.data) for divisor
    main.o(i.UART4_IRQHandler) refers to main.o(.data) for dato_recibido
    main.o(i._Z11mover_servov) refers to main.o(.data) for valor_adc_sensor_1
    main.o(i._Z12mandar_frasePc) refers to main.o(.data) for caracter_frase
    main.o(i._Z13dividir_datosi) refers to main.o(.data) for digito1
    main.o(i._Z24decodificacion_analogicav) refers to main.o(i._Z17mandar_caracteresc) for mandar_caracteres(char)
    main.o(i._Z24decodificacion_analogicav) refers to main.o(.data) for valor_adc_teclado
    main.o(i.main) refers to main.o(i._Z16__NVIC_EnableIRQ9IRQn_Type) for __NVIC_EnableIRQ(IRQn_Type)
    main.o(i.main) refers to system_stm32f7xx.o(i.SystemCoreClockUpdate) for SystemCoreClockUpdate
    main.o(i.main) refers to main.o(i._Z15mandar_comandosc) for mandar_comandos(char)
    main.o(i.main) refers to main.o(i._Z12mandar_frasePc) for mandar_frase(char*)
    main.o(i.main) refers to main.o(i._Z15enviar_caracterc) for enviar_caracter(char)
    main.o(i.main) refers to main.o(i._Z11mover_servov) for mover_servo()
    main.o(i.main) refers to dflti.o(.text) for __aeabi_i2d
    main.o(i.main) refers to dmul.o(.text) for __aeabi_dmul
    main.o(i.main) refers to ddiv.o(.text) for __aeabi_ddiv
    main.o(i.main) refers to sin.o(i.__hardfp_sin) for __hardfp_sin
    main.o(i.main) refers to dadd.o(.text) for __aeabi_dadd
    main.o(i.main) refers to dfixi.o(.text) for __aeabi_d2iz
    main.o(i.main) refers to main.o(i._Z13dividir_datosi) for dividir_datos(int)
    main.o(i.main) refers to main.o(i._Z20convercion_analogicav) for convercion_analogica()
    main.o(i.main) refers to main.o(i._Z24decodificacion_analogicav) for decodificacion_analogica()
    main.o(i.main) refers to main.o(i._Z17mandar_caracteresc) for mandar_caracteres(char)
    main.o(i.main) refers to system_stm32f7xx.o(.data) for SystemCoreClock
    main.o(i.main) refers to main.o(.data) for limpiar_pantalla
    main.o(.ARM.exidx) refers to main.o(i._Z11mover_servov) for i._Z11mover_servov
    main.o(.ARM.exidx) refers to main.o(i._Z15enviar_caracterc) for i._Z15enviar_caracterc
    main.o(.ARM.exidx) refers to main.o(i._Z20convercion_analogicav) for i._Z20convercion_analogicav
    main.o(.ARM.exidx) refers to main.o(i._Z15mandar_comandosc) for i._Z15mandar_comandosc
    main.o(.ARM.exidx) refers to main.o(i._Z17mandar_caracteresc) for i._Z17mandar_caracteresc
    main.o(.ARM.exidx) refers to main.o(i._Z12mandar_frasePc) for i._Z12mandar_frasePc
    main.o(.ARM.exidx) refers to main.o(i._Z13dividir_datosi) for i._Z13dividir_datosi
    main.o(.ARM.exidx) refers to main.o(i._Z24decodificacion_analogicav) for i._Z24decodificacion_analogicav
    main.o(.ARM.exidx) refers to main.o(i.ADC_IRQHandler) for i.ADC_IRQHandler
    main.o(.ARM.exidx) refers to main.o(i.SysTick_Handler) for i.SysTick_Handler
    main.o(.ARM.exidx) refers to main.o(i.UART4_IRQHandler) for i.UART4_IRQHandler
    main.o(.ARM.exidx) refers to main.o(i.main) for i.main
    main.o(.ARM.exidx) refers to main.o(i._Z16__NVIC_EnableIRQ9IRQn_Type) for i._Z16__NVIC_EnableIRQ9IRQn_Type
    startup_stm32f746xx.o(RESET) refers to startup_stm32f746xx.o(STACK) for __initial_sp
    startup_stm32f746xx.o(RESET) refers to startup_stm32f746xx.o(.text) for Reset_Handler
    startup_stm32f746xx.o(RESET) refers to main.o(i.SysTick_Handler) for SysTick_Handler
    startup_stm32f746xx.o(RESET) refers to main.o(i.ADC_IRQHandler) for ADC_IRQHandler
    startup_stm32f746xx.o(RESET) refers to main.o(i.UART4_IRQHandler) for UART4_IRQHandler
    startup_stm32f746xx.o(.text) refers to system_stm32f7xx.o(i.SystemInit) for SystemInit
    startup_stm32f746xx.o(.text) refers to entry.o(.ARM.Collect$$$$00000000) for __main
    system_stm32f7xx.o(i.SystemCoreClockUpdate) refers to system_stm32f7xx.o(.data) for SystemCoreClock
    system_stm32f7xx.o(i.SystemCoreClockUpdate) refers to system_stm32f7xx.o(.constdata) for AHBPrescTable
    sin.o(i.__hardfp_sin) refers (Special) to iusefp.o(.text) for __I$use$fp
    sin.o(i.__hardfp_sin) refers to errno.o(i.__set_errno) for __set_errno
    sin.o(i.__hardfp_sin) refers to dunder.o(i.__mathlib_dbl_invalid) for __mathlib_dbl_invalid
    sin.o(i.__hardfp_sin) refers to dunder.o(i.__mathlib_dbl_infnan) for __mathlib_dbl_infnan
    sin.o(i.__hardfp_sin) refers to rred.o(i.__ieee754_rem_pio2) for __ieee754_rem_pio2
    sin.o(i.__hardfp_sin) refers to cos_i.o(i.__kernel_cos) for __kernel_cos
    sin.o(i.__hardfp_sin) refers to sin_i.o(i.__kernel_sin) for __kernel_sin
    sin.o(i.__softfp_sin) refers (Special) to iusefp.o(.text) for __I$use$fp
    sin.o(i.__softfp_sin) refers to sin.o(i.__hardfp_sin) for __hardfp_sin
    sin.o(i.sin) refers (Special) to iusefp.o(.text) for __I$use$fp
    sin.o(i.sin) refers to sin.o(i.__hardfp_sin) for __hardfp_sin
    sin_x.o(i.____hardfp_sin$lsc) refers (Special) to iusefp.o(.text) for __I$use$fp
    sin_x.o(i.____hardfp_sin$lsc) refers to errno.o(i.__set_errno) for __set_errno
    sin_x.o(i.____hardfp_sin$lsc) refers to dunder.o(i.__mathlib_dbl_infnan) for __mathlib_dbl_infnan
    sin_x.o(i.____hardfp_sin$lsc) refers to rred.o(i.__ieee754_rem_pio2) for __ieee754_rem_pio2
    sin_x.o(i.____hardfp_sin$lsc) refers to cos_i.o(i.__kernel_cos) for __kernel_cos
    sin_x.o(i.____hardfp_sin$lsc) refers to sin_i.o(i.__kernel_sin) for __kernel_sin
    sin_x.o(i.____softfp_sin$lsc) refers (Special) to iusefp.o(.text) for __I$use$fp
    sin_x.o(i.____softfp_sin$lsc) refers to sin_x.o(i.____hardfp_sin$lsc) for ____hardfp_sin$lsc
    sin_x.o(i.__sin$lsc) refers (Special) to iusefp.o(.text) for __I$use$fp
    sin_x.o(i.__sin$lsc) refers to sin_x.o(i.____hardfp_sin$lsc) for ____hardfp_sin$lsc
    entry.o(.ARM.Collect$$$$00000000) refers (Special) to entry10a.o(.ARM.Collect$$$$0000000D) for __rt_final_cpp
    entry.o(.ARM.Collect$$$$00000000) refers (Special) to entry11a.o(.ARM.Collect$$$$0000000F) for __rt_final_exit
    entry.o(.ARM.Collect$$$$00000000) refers (Special) to entry7b.o(.ARM.Collect$$$$00000008) for _main_clock
    entry.o(.ARM.Collect$$$$00000000) refers (Special) to entry8b.o(.ARM.Collect$$$$0000000A) for _main_cpp_init
    entry.o(.ARM.Collect$$$$00000000) refers (Special) to entry9a.o(.ARM.Collect$$$$0000000B) for _main_init
    entry.o(.ARM.Collect$$$$00000000) refers (Special) to entry5.o(.ARM.Collect$$$$00000004) for _main_scatterload
    entry.o(.ARM.Collect$$$$00000000) refers (Special) to entry2.o(.ARM.Collect$$$$00000001) for _main_stk
    dadd.o(.text) refers (Special) to iusefp.o(.text) for __I$use$fp
    dadd.o(.text) refers to llshl.o(.text) for __aeabi_llsl
    dadd.o(.text) refers to llsshr.o(.text) for __aeabi_lasr
    dadd.o(.text) refers to depilogue.o(.text) for _double_epilogue
    dmul.o(.text) refers (Special) to iusefp.o(.text) for __I$use$fp
    dmul.o(.text) refers to depilogue.o(.text) for _double_epilogue
    ddiv.o(.text) refers (Special) to iusefp.o(.text) for __I$use$fp
    ddiv.o(.text) refers to depilogue.o(.text) for _double_round
    dflti.o(.text) refers (Special) to iusefp.o(.text) for __I$use$fp
    dflti.o(.text) refers to depilogue.o(.text) for _double_epilogue
    dfixi.o(.text) refers (Special) to iusefp.o(.text) for __I$use$fp
    dfixi.o(.text) refers to llushr.o(.text) for __aeabi_llsr
    cos_i.o(i.__kernel_cos) refers (Special) to iusefp.o(.text) for __I$use$fp
    cos_i.o(i.__kernel_cos) refers to dfixi.o(.text) for __aeabi_d2iz
    cos_i.o(i.__kernel_cos) refers to dmul.o(.text) for __aeabi_dmul
    cos_i.o(i.__kernel_cos) refers to poly.o(i.__kernel_poly) for __kernel_poly
    cos_i.o(i.__kernel_cos) refers to dadd.o(.text) for __aeabi_dsub
    cos_i.o(i.__kernel_cos) refers to cos_i.o(.constdata) for .constdata
    cos_i.o(.constdata) refers (Special) to iusefp.o(.text) for __I$use$fp
    dunder.o(i.__mathlib_dbl_divzero) refers to ddiv.o(.text) for __aeabi_ddiv
    dunder.o(i.__mathlib_dbl_infnan) refers to dadd.o(.text) for __aeabi_dadd
    dunder.o(i.__mathlib_dbl_infnan2) refers to dadd.o(.text) for __aeabi_dadd
    dunder.o(i.__mathlib_dbl_invalid) refers to ddiv.o(.text) for __aeabi_ddiv
    dunder.o(i.__mathlib_dbl_overflow) refers to dmul.o(.text) for __aeabi_dmul
    dunder.o(i.__mathlib_dbl_posinfnan) refers to dmul.o(.text) for __aeabi_dmul
    dunder.o(i.__mathlib_dbl_underflow) refers to dmul.o(.text) for __aeabi_dmul
    rred.o(i.__ieee754_rem_pio2) refers (Special) to iusefp.o(.text) for __I$use$fp
    rred.o(i.__ieee754_rem_pio2) refers to dadd.o(.text) for __aeabi_dsub
    rred.o(i.__ieee754_rem_pio2) refers to fabs.o(i.fabs) for fabs
    rred.o(i.__ieee754_rem_pio2) refers to dmul.o(.text) for __aeabi_dmul
    rred.o(i.__ieee754_rem_pio2) refers to dfixi.o(.text) for __aeabi_d2iz
    rred.o(i.__ieee754_rem_pio2) refers to dflti.o(.text) for __aeabi_i2d
    rred.o(i.__ieee754_rem_pio2) refers to dfltui.o(.text) for __aeabi_ui2d
    rred.o(i.__ieee754_rem_pio2) refers to rred.o(.constdata) for .constdata
    rred.o(i.__use_accurate_range_reduction) refers (Special) to iusefp.o(.text) for __I$use$fp
    rred.o(.constdata) refers (Special) to iusefp.o(.text) for __I$use$fp
    sin_i.o(i.__kernel_sin) refers (Special) to iusefp.o(.text) for __I$use$fp
    sin_i.o(i.__kernel_sin) refers to fpclassify.o(i.__ARM_fpclassify) for __ARM_fpclassify
    sin_i.o(i.__kernel_sin) refers to dunder.o(i.__mathlib_dbl_underflow) for __mathlib_dbl_underflow
    sin_i.o(i.__kernel_sin) refers to dmul.o(.text) for __aeabi_dmul
    sin_i.o(i.__kernel_sin) refers to poly.o(i.__kernel_poly) for __kernel_poly
    sin_i.o(i.__kernel_sin) refers to dadd.o(.text) for __aeabi_dsub
    sin_i.o(i.__kernel_sin) refers to sin_i.o(.constdata) for .constdata
    sin_i.o(.constdata) refers (Special) to iusefp.o(.text) for __I$use$fp
    sin_i_x.o(i.____kernel_sin$lsc) refers (Special) to iusefp.o(.text) for __I$use$fp
    sin_i_x.o(i.____kernel_sin$lsc) refers to dmul.o(.text) for __aeabi_dmul
    sin_i_x.o(i.____kernel_sin$lsc) refers to poly.o(i.__kernel_poly) for __kernel_poly
    sin_i_x.o(i.____kernel_sin$lsc) refers to dadd.o(.text) for __aeabi_dsub
    sin_i_x.o(i.____kernel_sin$lsc) refers to sin_i_x.o(.constdata) for .constdata
    sin_i_x.o(.constdata) refers (Special) to iusefp.o(.text) for __I$use$fp
    entry2.o(.ARM.Collect$$$$00000001) refers to entry2.o(.ARM.Collect$$$$00002712) for __lit__00000000
    entry2.o(.ARM.Collect$$$$00002712) refers to startup_stm32f746xx.o(STACK) for __initial_sp
    entry2.o(__vectab_stack_and_reset_area) refers to startup_stm32f746xx.o(STACK) for __initial_sp
    entry2.o(__vectab_stack_and_reset_area) refers to entry.o(.ARM.Collect$$$$00000000) for __main
    entry5.o(.ARM.Collect$$$$00000004) refers to init.o(.text) for __scatterload
    entry9a.o(.ARM.Collect$$$$0000000B) refers to main.o(i.main) for main
    entry9b.o(.ARM.Collect$$$$0000000C) refers to main.o(i.main) for main
    errno.o(i.__aeabi_errno_addr) refers to errno.o(.data) for .data
    errno.o(i.__read_errno) refers to errno.o(.data) for .data
    errno.o(i.__set_errno) refers to errno.o(.data) for .data
    depilogue.o(.text) refers to llshl.o(.text) for __aeabi_llsl
    depilogue.o(.text) refers to llushr.o(.text) for __aeabi_llsr
    fabs.o(i.__hardfp_fabs) refers (Special) to iusefp.o(.text) for __I$use$fp
    fabs.o(i.__softfp_fabs) refers (Special) to iusefp.o(.text) for __I$use$fp
    fabs.o(i.fabs) refers (Special) to iusefp.o(.text) for __I$use$fp
    fpclassify.o(i.__ARM_fpclassify) refers (Special) to iusefp.o(.text) for __I$use$fp
    poly.o(i.__kernel_poly) refers (Special) to iusefp.o(.text) for __I$use$fp
    poly.o(i.__kernel_poly) refers to dmul.o(.text) for __aeabi_dmul
    poly.o(i.__kernel_poly) refers to dadd.o(.text) for __aeabi_dadd
    init.o(.text) refers to entry5.o(.ARM.Collect$$$$00000004) for __main_after_scatterload
    dfltui.o(.text) refers to depilogue.o(.text) for _double_epilogue


==============================================================================

Removing Unused input sections from the image.

    Removing main.o(.rev16_text), (4 bytes).
    Removing main.o(.revsh_text), (4 bytes).
    Removing main.o(.rrx_text), (6 bytes).
    Removing main.o(.ARM.exidx), (8 bytes).
    Removing main.o(.ARM.exidx), (8 bytes).
    Removing main.o(.ARM.exidx), (8 bytes).
    Removing main.o(.ARM.exidx), (8 bytes).
    Removing main.o(.ARM.exidx), (8 bytes).
    Removing main.o(.ARM.exidx), (8 bytes).
    Removing main.o(.ARM.exidx), (8 bytes).
    Removing main.o(.ARM.exidx), (8 bytes).
    Removing main.o(.ARM.exidx), (8 bytes).
    Removing main.o(.ARM.exidx), (8 bytes).
    Removing main.o(.ARM.exidx), (8 bytes).
    Removing main.o(.ARM.exidx), (8 bytes).
    Removing main.o(.ARM.exidx), (8 bytes).
    Removing startup_stm32f746xx.o(HEAP), (512 bytes).
    Removing system_stm32f7xx.o(.rev16_text), (4 bytes).
    Removing system_stm32f7xx.o(.revsh_text), (4 bytes).
    Removing system_stm32f7xx.o(.rrx_text), (6 bytes).
    Removing dneg.o(.text), (6 bytes).

21 unused section(s) (total 650 bytes) removed from the image.

==============================================================================

Image Symbol Table

    Local Symbols

    Symbol Name                              Value     Ov Type        Size  Object(Section)

    ../clib/microlib/errno.c                 0x00000000   Number         0  errno.o ABSOLUTE
    ../clib/microlib/init/entry.s            0x00000000   Number         0  entry11b.o ABSOLUTE
    ../clib/microlib/init/entry.s            0x00000000   Number         0  entry11a.o ABSOLUTE
    ../clib/microlib/init/entry.s            0x00000000   Number         0  entry10b.o ABSOLUTE
    ../clib/microlib/init/entry.s            0x00000000   Number         0  entry10a.o ABSOLUTE
    ../clib/microlib/init/entry.s            0x00000000   Number         0  entry9b.o ABSOLUTE
    ../clib/microlib/init/entry.s            0x00000000   Number         0  entry9a.o ABSOLUTE
    ../clib/microlib/init/entry.s            0x00000000   Number         0  entry8b.o ABSOLUTE
    ../clib/microlib/init/entry.s            0x00000000   Number         0  entry8a.o ABSOLUTE
    ../clib/microlib/init/entry.s            0x00000000   Number         0  entry7b.o ABSOLUTE
    ../clib/microlib/init/entry.s            0x00000000   Number         0  entry7a.o ABSOLUTE
    ../clib/microlib/init/entry.s            0x00000000   Number         0  entry5.o ABSOLUTE
    ../clib/microlib/init/entry.s            0x00000000   Number         0  entry2.o ABSOLUTE
    ../clib/microlib/init/entry.s            0x00000000   Number         0  entry.o ABSOLUTE
    ../clib/microlib/longlong.c              0x00000000   Number         0  llsshr.o ABSOLUTE
    ../clib/microlib/longlong.c              0x00000000   Number         0  llushr.o ABSOLUTE
    ../clib/microlib/longlong.c              0x00000000   Number         0  llshl.o ABSOLUTE
    ../clib/microlib/stubs.s                 0x00000000   Number         0  iusefp.o ABSOLUTE
    ../fplib/microlib/fpadd.c                0x00000000   Number         0  dadd.o ABSOLUTE
    ../fplib/microlib/fpdiv.c                0x00000000   Number         0  ddiv.o ABSOLUTE
    ../fplib/microlib/fpepilogue.c           0x00000000   Number         0  depilogue.o ABSOLUTE
    ../fplib/microlib/fpfix.c                0x00000000   Number         0  dfixi.o ABSOLUTE
    ../fplib/microlib/fpflt.c                0x00000000   Number         0  dflti.o ABSOLUTE
    ../fplib/microlib/fpflt.c                0x00000000   Number         0  dfltui.o ABSOLUTE
    ../fplib/microlib/fpmul.c                0x00000000   Number         0  dmul.o ABSOLUTE
    ../fplib/microlib/fpneg.c                0x00000000   Number         0  dneg.o ABSOLUTE
    ../mathlib/cos_i.c                       0x00000000   Number         0  cos_i.o ABSOLUTE
    ../mathlib/dunder.c                      0x00000000   Number         0  dunder.o ABSOLUTE
    ../mathlib/fabs.c                        0x00000000   Number         0  fabs.o ABSOLUTE
    ../mathlib/fpclassify.c                  0x00000000   Number         0  fpclassify.o ABSOLUTE
    ../mathlib/poly.c                        0x00000000   Number         0  poly.o ABSOLUTE
    ../mathlib/rred.c                        0x00000000   Number         0  rred.o ABSOLUTE
    ../mathlib/sin.c                         0x00000000   Number         0  sin_x.o ABSOLUTE
    ../mathlib/sin.c                         0x00000000   Number         0  sin.o ABSOLUTE
    ../mathlib/sin_i.c                       0x00000000   Number         0  sin_i.o ABSOLUTE
    ../mathlib/sin_i.c                       0x00000000   Number         0  sin_i_x.o ABSOLUTE
    Main.cpp                                 0x00000000   Number         0  main.o ABSOLUTE
    Main.cpp                                 0x00000000   Number         0  main.o ABSOLUTE
    RTE\Device\STM32F746ZGTx\startup_stm32f746xx.s 0x00000000   Number         0  startup_stm32f746xx.o ABSOLUTE
    RTE\Device\STM32F746ZGTx\system_stm32f7xx.c 0x00000000   Number         0  system_stm32f7xx.o ABSOLUTE
    RTE\\Device\\STM32F746ZGTx\\system_stm32f7xx.c 0x00000000   Number         0  system_stm32f7xx.o ABSOLUTE
    dc.s                                     0x00000000   Number         0  dc.o ABSOLUTE
    handlers.s                               0x00000000   Number         0  handlers.o ABSOLUTE
    init.s                                   0x00000000   Number         0  init.o ABSOLUTE
    RESET                                    0x08000000   Section      456  startup_stm32f746xx.o(RESET)
    .ARM.Collect$$$$00000000                 0x080001c8   Section        0  entry.o(.ARM.Collect$$$$00000000)
    .ARM.Collect$$$$00000001                 0x080001c8   Section        4  entry2.o(.ARM.Collect$$$$00000001)
    .ARM.Collect$$$$00000004                 0x080001cc   Section        4  entry5.o(.ARM.Collect$$$$00000004)
    .ARM.Collect$$$$00000008                 0x080001d0   Section        0  entry7b.o(.ARM.Collect$$$$00000008)
    .ARM.Collect$$$$0000000A                 0x080001d0   Section        0  entry8b.o(.ARM.Collect$$$$0000000A)
    .ARM.Collect$$$$0000000B                 0x080001d0   Section        8  entry9a.o(.ARM.Collect$$$$0000000B)
    .ARM.Collect$$$$0000000D                 0x080001d8   Section        0  entry10a.o(.ARM.Collect$$$$0000000D)
    .ARM.Collect$$$$0000000F                 0x080001d8   Section        0  entry11a.o(.ARM.Collect$$$$0000000F)
    .ARM.Collect$$$$00002712                 0x080001d8   Section        4  entry2.o(.ARM.Collect$$$$00002712)
    __lit__00000000                          0x080001d8   Data           4  entry2.o(.ARM.Collect$$$$00002712)
    .text                                    0x080001dc   Section       36  startup_stm32f746xx.o(.text)
    $v0                                      0x080001dc   Number         0  startup_stm32f746xx.o(.text)
    .text                                    0x08000200   Section        0  dadd.o(.text)
    .text                                    0x0800034e   Section        0  dmul.o(.text)
    .text                                    0x08000432   Section        0  ddiv.o(.text)
    .text                                    0x08000510   Section        0  dflti.o(.text)
    .text                                    0x08000532   Section        0  dfixi.o(.text)
    .text                                    0x08000570   Section        0  llshl.o(.text)
    .text                                    0x0800058e   Section        0  llushr.o(.text)
    .text                                    0x080005ae   Section        0  llsshr.o(.text)
    .text                                    0x080005d2   Section        0  depilogue.o(.text)
    .text                                    0x080005d2   Section        0  iusefp.o(.text)
    .text                                    0x0800068c   Section       36  init.o(.text)
    .text                                    0x080006b0   Section        0  dfltui.o(.text)
    i.ADC_IRQHandler                         0x080006cc   Section        0  main.o(i.ADC_IRQHandler)
    i.SysTick_Handler                        0x08000720   Section        0  main.o(i.SysTick_Handler)
    i.SystemCoreClockUpdate                  0x0800074c   Section        0  system_stm32f7xx.o(i.SystemCoreClockUpdate)
    i.SystemInit                             0x0800080c   Section        0  system_stm32f7xx.o(i.SystemInit)
    i.UART4_IRQHandler                       0x08000870   Section        0  main.o(i.UART4_IRQHandler)
    i._Z11mover_servov                       0x08000890   Section        0  main.o(i._Z11mover_servov)
    i._Z12mandar_frasePc                     0x080008e0   Section        0  main.o(i._Z12mandar_frasePc)
    i._Z13dividir_datosi                     0x08000940   Section        0  main.o(i._Z13dividir_datosi)
    i._Z15enviar_caracterc                   0x0800099c   Section        0  main.o(i._Z15enviar_caracterc)
    i._Z15mandar_comandosc                   0x080009bc   Section        0  main.o(i._Z15mandar_comandosc)
    i._Z16__NVIC_EnableIRQ9IRQn_Type         0x080009f8   Section        0  main.o(i._Z16__NVIC_EnableIRQ9IRQn_Type)
    __NVIC_EnableIRQ(IRQn_Type)              0x080009f9   Thumb Code    26  main.o(i._Z16__NVIC_EnableIRQ9IRQn_Type)
    i._Z17mandar_caracteresc                 0x08000a14   Section        0  main.o(i._Z17mandar_caracteresc)
    i._Z20convercion_analogicav              0x08000a50   Section        0  main.o(i._Z20convercion_analogicav)
    i._Z24decodificacion_analogicav          0x08000a78   Section        0  main.o(i._Z24decodificacion_analogicav)
    i.__ARM_fpclassify                       0x08000e5c   Section        0  fpclassify.o(i.__ARM_fpclassify)
    i.__hardfp_sin                           0x08000e90   Section        0  sin.o(i.__hardfp_sin)
    i.__ieee754_rem_pio2                     0x08000f58   Section        0  rred.o(i.__ieee754_rem_pio2)
    i.__kernel_cos                           0x08001390   Section        0  cos_i.o(i.__kernel_cos)
    i.__kernel_poly                          0x08001500   Section        0  poly.o(i.__kernel_poly)
    i.__kernel_sin                           0x080015f8   Section        0  sin_i.o(i.__kernel_sin)
    i.__mathlib_dbl_infnan                   0x08001728   Section        0  dunder.o(i.__mathlib_dbl_infnan)
    i.__mathlib_dbl_invalid                  0x08001740   Section        0  dunder.o(i.__mathlib_dbl_invalid)
    i.__mathlib_dbl_underflow                0x08001760   Section        0  dunder.o(i.__mathlib_dbl_underflow)
    i.__scatterload_copy                     0x08001780   Section       14  handlers.o(i.__scatterload_copy)
    i.__scatterload_null                     0x0800178e   Section        2  handlers.o(i.__scatterload_null)
    i.__scatterload_zeroinit                 0x08001790   Section       14  handlers.o(i.__scatterload_zeroinit)
    i.__set_errno                            0x080017a0   Section        0  errno.o(i.__set_errno)
    i.fabs                                   0x080017ac   Section        0  fabs.o(i.fabs)
    i.main                                   0x080017c4   Section        0  main.o(i.main)
    .constdata                               0x08001d14   Section       24  system_stm32f7xx.o(.constdata)
    .constdata                               0x08001d30   Section       48  cos_i.o(.constdata)
    C                                        0x08001d30   Data          48  cos_i.o(.constdata)
    .constdata                               0x08001d60   Section      200  rred.o(.constdata)
    pio2s                                    0x08001d60   Data          48  rred.o(.constdata)
    twooverpi                                0x08001d90   Data         152  rred.o(.constdata)
    .constdata                               0x08001e28   Section       40  sin_i.o(.constdata)
    S                                        0x08001e28   Data          40  sin_i.o(.constdata)
    .data                                    0x20010000   Section       60  main.o(.data)
    .data                                    0x2001003c   Section        4  system_stm32f7xx.o(.data)
    .data                                    0x20010040   Section        4  errno.o(.data)
    _errno                                   0x20010040   Data           4  errno.o(.data)
    STACK                                    0x20010048   Section     1024  startup_stm32f746xx.o(STACK)

    Global Symbols

    Symbol Name                              Value     Ov Type        Size  Object(Section)

    BuildAttributes$$THM_ISAv4$E$P$D$K$B$S$7EM$VFPi5$EXTD16$VFPS$VFMA$PE$PLD8$A:L22UL41UL21$X:L11$S22US41US21$IEEE1$IW$USESV6$~STKCKD$USESV7$~SHL$OTIME$ROPI$IEEEX$EBA8$MICROLIB$REQ8$PRES8$EABIv2 0x00000000   Number         0  anon$$obj.o ABSOLUTE
    __ARM_use_no_argv                        0x00000000   Number         0  main.o ABSOLUTE
    __cpp_initialize__aeabi_                  - Undefined Weak Reference
    __cxa_finalize                            - Undefined Weak Reference
    __decompress                              - Undefined Weak Reference
    _clock_init                               - Undefined Weak Reference
    _microlib_exit                            - Undefined Weak Reference
    __Vectors_Size                           0x000001c8   Number         0  startup_stm32f746xx.o ABSOLUTE
    __Vectors                                0x08000000   Data           4  startup_stm32f746xx.o(RESET)
    __Vectors_End                            0x080001c8   Data           0  startup_stm32f746xx.o(RESET)
    __main                                   0x080001c9   Thumb Code     0  entry.o(.ARM.Collect$$$$00000000)
    _main_stk                                0x080001c9   Thumb Code     0  entry2.o(.ARM.Collect$$$$00000001)
    _main_scatterload                        0x080001cd   Thumb Code     0  entry5.o(.ARM.Collect$$$$00000004)
    __main_after_scatterload                 0x080001d1   Thumb Code     0  entry5.o(.ARM.Collect$$$$00000004)
    _main_clock                              0x080001d1   Thumb Code     0  entry7b.o(.ARM.Collect$$$$00000008)
    _main_cpp_init                           0x080001d1   Thumb Code     0  entry8b.o(.ARM.Collect$$$$0000000A)
    _main_init                               0x080001d1   Thumb Code     0  entry9a.o(.ARM.Collect$$$$0000000B)
    __rt_final_cpp                           0x080001d9   Thumb Code     0  entry10a.o(.ARM.Collect$$$$0000000D)
    __rt_final_exit                          0x080001d9   Thumb Code     0  entry11a.o(.ARM.Collect$$$$0000000F)
    Reset_Handler                            0x080001dd   Thumb Code     8  startup_stm32f746xx.o(.text)
    NMI_Handler                              0x080001e5   Thumb Code     2  startup_stm32f746xx.o(.text)
    HardFault_Handler                        0x080001e7   Thumb Code     2  startup_stm32f746xx.o(.text)
    MemManage_Handler                        0x080001e9   Thumb Code     2  startup_stm32f746xx.o(.text)
    BusFault_Handler                         0x080001eb   Thumb Code     2  startup_stm32f746xx.o(.text)
    UsageFault_Handler                       0x080001ed   Thumb Code     2  startup_stm32f746xx.o(.text)
    SVC_Handler                              0x080001ef   Thumb Code     2  startup_stm32f746xx.o(.text)
    DebugMon_Handler                         0x080001f1   Thumb Code     2  startup_stm32f746xx.o(.text)
    PendSV_Handler                           0x080001f3   Thumb Code     2  startup_stm32f746xx.o(.text)
    CAN1_RX0_IRQHandler                      0x080001f7   Thumb Code     0  startup_stm32f746xx.o(.text)
    CAN1_RX1_IRQHandler                      0x080001f7   Thumb Code     0  startup_stm32f746xx.o(.text)
    CAN1_SCE_IRQHandler                      0x080001f7   Thumb Code     0  startup_stm32f746xx.o(.text)
    CAN1_TX_IRQHandler                       0x080001f7   Thumb Code     0  startup_stm32f746xx.o(.text)
    CAN2_RX0_IRQHandler                      0x080001f7   Thumb Code     0  startup_stm32f746xx.o(.text)
    CAN2_RX1_IRQHandler                      0x080001f7   Thumb Code     0  startup_stm32f746xx.o(.text)
    CAN2_SCE_IRQHandler                      0x080001f7   Thumb Code     0  startup_stm32f746xx.o(.text)
    CAN2_TX_IRQHandler                       0x080001f7   Thumb Code     0  startup_stm32f746xx.o(.text)
    CEC_IRQHandler                           0x080001f7   Thumb Code     0  startup_stm32f746xx.o(.text)
    DCMI_IRQHandler                          0x080001f7   Thumb Code     0  startup_stm32f746xx.o(.text)
    DMA1_Stream0_IRQHandler                  0x080001f7   Thumb Code     0  startup_stm32f746xx.o(.text)
    DMA1_Stream1_IRQHandler                  0x080001f7   Thumb Code     0  startup_stm32f746xx.o(.text)
    DMA1_Stream2_IRQHandler                  0x080001f7   Thumb Code     0  startup_stm32f746xx.o(.text)
    DMA1_Stream3_IRQHandler                  0x080001f7   Thumb Code     0  startup_stm32f746xx.o(.text)
    DMA1_Stream4_IRQHandler                  0x080001f7   Thumb Code     0  startup_stm32f746xx.o(.text)
    DMA1_Stream5_IRQHandler                  0x080001f7   Thumb Code     0  startup_stm32f746xx.o(.text)
    DMA1_Stream6_IRQHandler                  0x080001f7   Thumb Code     0  startup_stm32f746xx.o(.text)
    DMA1_Stream7_IRQHandler                  0x080001f7   Thumb Code     0  startup_stm32f746xx.o(.text)
    DMA2D_IRQHandler                         0x080001f7   Thumb Code     0  startup_stm32f746xx.o(.text)
    DMA2_Stream0_IRQHandler                  0x080001f7   Thumb Code     0  startup_stm32f746xx.o(.text)
    DMA2_Stream1_IRQHandler                  0x080001f7   Thumb Code     0  startup_stm32f746xx.o(.text)
    DMA2_Stream2_IRQHandler                  0x080001f7   Thumb Code     0  startup_stm32f746xx.o(.text)
    DMA2_Stream3_IRQHandler                  0x080001f7   Thumb Code     0  startup_stm32f746xx.o(.text)
    DMA2_Stream4_IRQHandler                  0x080001f7   Thumb Code     0  startup_stm32f746xx.o(.text)
    DMA2_Stream5_IRQHandler                  0x080001f7   Thumb Code     0  startup_stm32f746xx.o(.text)
    DMA2_Stream6_IRQHandler                  0x080001f7   Thumb Code     0  startup_stm32f746xx.o(.text)
    DMA2_Stream7_IRQHandler                  0x080001f7   Thumb Code     0  startup_stm32f746xx.o(.text)
    ETH_IRQHandler                           0x080001f7   Thumb Code     0  startup_stm32f746xx.o(.text)
    ETH_WKUP_IRQHandler                      0x080001f7   Thumb Code     0  startup_stm32f746xx.o(.text)
    EXTI0_IRQHandler                         0x080001f7   Thumb Code     0  startup_stm32f746xx.o(.text)
    EXTI15_10_IRQHandler                     0x080001f7   Thumb Code     0  startup_stm32f746xx.o(.text)
    EXTI1_IRQHandler                         0x080001f7   Thumb Code     0  startup_stm32f746xx.o(.text)
    EXTI2_IRQHandler                         0x080001f7   Thumb Code     0  startup_stm32f746xx.o(.text)
    EXTI3_IRQHandler                         0x080001f7   Thumb Code     0  startup_stm32f746xx.o(.text)
    EXTI4_IRQHandler                         0x080001f7   Thumb Code     0  startup_stm32f746xx.o(.text)
    EXTI9_5_IRQHandler                       0x080001f7   Thumb Code     0  startup_stm32f746xx.o(.text)
    FLASH_IRQHandler                         0x080001f7   Thumb Code     0  startup_stm32f746xx.o(.text)
    FMC_IRQHandler                           0x080001f7   Thumb Code     0  startup_stm32f746xx.o(.text)
    FPU_IRQHandler                           0x080001f7   Thumb Code     0  startup_stm32f746xx.o(.text)
    I2C1_ER_IRQHandler                       0x080001f7   Thumb Code     0  startup_stm32f746xx.o(.text)
    I2C1_EV_IRQHandler                       0x080001f7   Thumb Code     0  startup_stm32f746xx.o(.text)
    I2C2_ER_IRQHandler                       0x080001f7   Thumb Code     0  startup_stm32f746xx.o(.text)
    I2C2_EV_IRQHandler                       0x080001f7   Thumb Code     0  startup_stm32f746xx.o(.text)
    I2C3_ER_IRQHandler                       0x080001f7   Thumb Code     0  startup_stm32f746xx.o(.text)
    I2C3_EV_IRQHandler                       0x080001f7   Thumb Code     0  startup_stm32f746xx.o(.text)
    I2C4_ER_IRQHandler                       0x080001f7   Thumb Code     0  startup_stm32f746xx.o(.text)
    I2C4_EV_IRQHandler                       0x080001f7   Thumb Code     0  startup_stm32f746xx.o(.text)
    LPTIM1_IRQHandler                        0x080001f7   Thumb Code     0  startup_stm32f746xx.o(.text)
    LTDC_ER_IRQHandler                       0x080001f7   Thumb Code     0  startup_stm32f746xx.o(.text)
    LTDC_IRQHandler                          0x080001f7   Thumb Code     0  startup_stm32f746xx.o(.text)
    OTG_FS_IRQHandler                        0x080001f7   Thumb Code     0  startup_stm32f746xx.o(.text)
    OTG_FS_WKUP_IRQHandler                   0x080001f7   Thumb Code     0  startup_stm32f746xx.o(.text)
    OTG_HS_EP1_IN_IRQHandler                 0x080001f7   Thumb Code     0  startup_stm32f746xx.o(.text)
    OTG_HS_EP1_OUT_IRQHandler                0x080001f7   Thumb Code     0  startup_stm32f746xx.o(.text)
    OTG_HS_IRQHandler                        0x080001f7   Thumb Code     0  startup_stm32f746xx.o(.text)
    OTG_HS_WKUP_IRQHandler                   0x080001f7   Thumb Code     0  startup_stm32f746xx.o(.text)
    PVD_IRQHandler                           0x080001f7   Thumb Code     0  startup_stm32f746xx.o(.text)
    QUADSPI_IRQHandler                       0x080001f7   Thumb Code     0  startup_stm32f746xx.o(.text)
    RCC_IRQHandler                           0x080001f7   Thumb Code     0  startup_stm32f746xx.o(.text)
    RNG_IRQHandler                           0x080001f7   Thumb Code     0  startup_stm32f746xx.o(.text)
    RTC_Alarm_IRQHandler                     0x080001f7   Thumb Code     0  startup_stm32f746xx.o(.text)
    RTC_WKUP_IRQHandler                      0x080001f7   Thumb Code     0  startup_stm32f746xx.o(.text)
    SAI1_IRQHandler                          0x080001f7   Thumb Code     0  startup_stm32f746xx.o(.text)
    SAI2_IRQHandler                          0x080001f7   Thumb Code     0  startup_stm32f746xx.o(.text)
    SDMMC1_IRQHandler                        0x080001f7   Thumb Code     0  startup_stm32f746xx.o(.text)
    SPDIF_RX_IRQHandler                      0x080001f7   Thumb Code     0  startup_stm32f746xx.o(.text)
    SPI1_IRQHandler                          0x080001f7   Thumb Code     0  startup_stm32f746xx.o(.text)
    SPI2_IRQHandler                          0x080001f7   Thumb Code     0  startup_stm32f746xx.o(.text)
    SPI3_IRQHandler                          0x080001f7   Thumb Code     0  startup_stm32f746xx.o(.text)
    SPI4_IRQHandler                          0x080001f7   Thumb Code     0  startup_stm32f746xx.o(.text)
    SPI5_IRQHandler                          0x080001f7   Thumb Code     0  startup_stm32f746xx.o(.text)
    SPI6_IRQHandler                          0x080001f7   Thumb Code     0  startup_stm32f746xx.o(.text)
    TAMP_STAMP_IRQHandler                    0x080001f7   Thumb Code     0  startup_stm32f746xx.o(.text)
    TIM1_BRK_TIM9_IRQHandler                 0x080001f7   Thumb Code     0  startup_stm32f746xx.o(.text)
    TIM1_CC_IRQHandler                       0x080001f7   Thumb Code     0  startup_stm32f746xx.o(.text)
    TIM1_TRG_COM_TIM11_IRQHandler            0x080001f7   Thumb Code     0  startup_stm32f746xx.o(.text)
    TIM1_UP_TIM10_IRQHandler                 0x080001f7   Thumb Code     0  startup_stm32f746xx.o(.text)
    TIM2_IRQHandler                          0x080001f7   Thumb Code     0  startup_stm32f746xx.o(.text)
    TIM3_IRQHandler                          0x080001f7   Thumb Code     0  startup_stm32f746xx.o(.text)
    TIM4_IRQHandler                          0x080001f7   Thumb Code     0  startup_stm32f746xx.o(.text)
    TIM5_IRQHandler                          0x080001f7   Thumb Code     0  startup_stm32f746xx.o(.text)
    TIM6_DAC_IRQHandler                      0x080001f7   Thumb Code     0  startup_stm32f746xx.o(.text)
    TIM7_IRQHandler                          0x080001f7   Thumb Code     0  startup_stm32f746xx.o(.text)
    TIM8_BRK_TIM12_IRQHandler                0x080001f7   Thumb Code     0  startup_stm32f746xx.o(.text)
    TIM8_CC_IRQHandler                       0x080001f7   Thumb Code     0  startup_stm32f746xx.o(.text)
    TIM8_TRG_COM_TIM14_IRQHandler            0x080001f7   Thumb Code     0  startup_stm32f746xx.o(.text)
    TIM8_UP_TIM13_IRQHandler                 0x080001f7   Thumb Code     0  startup_stm32f746xx.o(.text)
    UART5_IRQHandler                         0x080001f7   Thumb Code     0  startup_stm32f746xx.o(.text)
    UART7_IRQHandler                         0x080001f7   Thumb Code     0  startup_stm32f746xx.o(.text)
    UART8_IRQHandler                         0x080001f7   Thumb Code     0  startup_stm32f746xx.o(.text)
    USART1_IRQHandler                        0x080001f7   Thumb Code     0  startup_stm32f746xx.o(.text)
    USART2_IRQHandler                        0x080001f7   Thumb Code     0  startup_stm32f746xx.o(.text)
    USART3_IRQHandler                        0x080001f7   Thumb Code     0  startup_stm32f746xx.o(.text)
    USART6_IRQHandler                        0x080001f7   Thumb Code     0  startup_stm32f746xx.o(.text)
    WWDG_IRQHandler                          0x080001f7   Thumb Code     0  startup_stm32f746xx.o(.text)
    __aeabi_dadd                             0x08000201   Thumb Code   322  dadd.o(.text)
    __aeabi_dsub                             0x08000343   Thumb Code     6  dadd.o(.text)
    __aeabi_drsub                            0x08000349   Thumb Code     6  dadd.o(.text)
    __aeabi_dmul                             0x0800034f   Thumb Code   228  dmul.o(.text)
    __aeabi_ddiv                             0x08000433   Thumb Code   222  ddiv.o(.text)
    __aeabi_i2d                              0x08000511   Thumb Code    34  dflti.o(.text)
    __aeabi_d2iz                             0x08000533   Thumb Code    62  dfixi.o(.text)
    __aeabi_llsl                             0x08000571   Thumb Code    30  llshl.o(.text)
    _ll_shift_l                              0x08000571   Thumb Code     0  llshl.o(.text)
    __aeabi_llsr                             0x0800058f   Thumb Code    32  llushr.o(.text)
    _ll_ushift_r                             0x0800058f   Thumb Code     0  llushr.o(.text)
    __aeabi_lasr                             0x080005af   Thumb Code    36  llsshr.o(.text)
    _ll_sshift_r                             0x080005af   Thumb Code     0  llsshr.o(.text)
    __I$use$fp                               0x080005d3   Thumb Code     0  iusefp.o(.text)
    _double_round                            0x080005d3   Thumb Code    30  depilogue.o(.text)
    _double_epilogue                         0x080005f1   Thumb Code   156  depilogue.o(.text)
    __scatterload                            0x0800068d   Thumb Code    28  init.o(.text)
    __scatterload_rt2                        0x0800068d   Thumb Code     0  init.o(.text)
    __aeabi_ui2d                             0x080006b1   Thumb Code    26  dfltui.o(.text)
    ADC_IRQHandler                           0x080006cd   Thumb Code    66  main.o(i.ADC_IRQHandler)
    SysTick_Handler                          0x08000721   Thumb Code    34  main.o(i.SysTick_Handler)
    SystemCoreClockUpdate                    0x0800074d   Thumb Code   170  system_stm32f7xx.o(i.SystemCoreClockUpdate)
    SystemInit                               0x0800080d   Thumb Code    82  system_stm32f7xx.o(i.SystemInit)
    UART4_IRQHandler                         0x08000871   Thumb Code    24  main.o(i.UART4_IRQHandler)
    mover_servo()                            0x08000891   Thumb Code    68  main.o(i._Z11mover_servov)
    mandar_frase(char*)                      0x080008e1   Thumb Code    82  main.o(i._Z12mandar_frasePc)
    dividir_datos(int)                       0x08000941   Thumb Code    76  main.o(i._Z13dividir_datosi)
    enviar_caracter(char)                    0x0800099d   Thumb Code    28  main.o(i._Z15enviar_caracterc)
    mandar_comandos(char)                    0x080009bd   Thumb Code    56  main.o(i._Z15mandar_comandosc)
    mandar_caracteres(char)                  0x08000a15   Thumb Code    52  main.o(i._Z17mandar_caracteresc)
    convercion_analogica()                   0x08000a51   Thumb Code    32  main.o(i._Z20convercion_analogicav)
    decodificacion_analogica()               0x08000a79   Thumb Code   980  main.o(i._Z24decodificacion_analogicav)
    __ARM_fpclassify                         0x08000e5d   Thumb Code    48  fpclassify.o(i.__ARM_fpclassify)
    __hardfp_sin                             0x08000e91   Thumb Code   180  sin.o(i.__hardfp_sin)
    __ieee754_rem_pio2                       0x08000f59   Thumb Code   938  rred.o(i.__ieee754_rem_pio2)
    __kernel_cos                             0x08001391   Thumb Code   322  cos_i.o(i.__kernel_cos)
    __kernel_poly                            0x08001501   Thumb Code   248  poly.o(i.__kernel_poly)
    __kernel_sin                             0x080015f9   Thumb Code   280  sin_i.o(i.__kernel_sin)
    __mathlib_dbl_infnan                     0x08001729   Thumb Code    20  dunder.o(i.__mathlib_dbl_infnan)
    __mathlib_dbl_invalid                    0x08001741   Thumb Code    24  dunder.o(i.__mathlib_dbl_invalid)
    __mathlib_dbl_underflow                  0x08001761   Thumb Code    24  dunder.o(i.__mathlib_dbl_underflow)
    __scatterload_copy                       0x08001781   Thumb Code    14  handlers.o(i.__scatterload_copy)
    __scatterload_null                       0x0800178f   Thumb Code     2  handlers.o(i.__scatterload_null)
    __scatterload_zeroinit                   0x08001791   Thumb Code    14  handlers.o(i.__scatterload_zeroinit)
    __set_errno                              0x080017a1   Thumb Code     6  errno.o(i.__set_errno)
    fabs                                     0x080017ad   Thumb Code    24  fabs.o(i.fabs)
    main                                     0x080017c5   Thumb Code  1336  main.o(i.main)
    AHBPrescTable                            0x08001d14   Data          16  system_stm32f7xx.o(.constdata)
    APBPrescTable                            0x08001d24   Data           8  system_stm32f7xx.o(.constdata)
    Region$$Table$$Base                      0x08001e50   Number         0  anon$$obj.o(Region$$Table)
    Region$$Table$$Limit                     0x08001e70   Number         0  anon$$obj.o(Region$$Table)
    valor_adc_teclado                        0x20010000   Data           2  main.o(.data)
    valor_adc_sensor_1                       0x20010002   Data           2  main.o(.data)
    valor_adc_sensor_2                       0x20010004   Data           2  main.o(.data)
    caracter_frase                           0x20010006   Data           1  main.o(.data)
    voltaje                                  0x20010008   Data           2  main.o(.data)
    digito1                                  0x2001000a   Data           2  main.o(.data)
    digito2                                  0x2001000c   Data           2  main.o(.data)
    digito3                                  0x2001000e   Data           2  main.o(.data)
    digito4                                  0x20010010   Data           2  main.o(.data)
    mostrar                                  0x20010012   Data           1  main.o(.data)
    dato_recibido                            0x20010014   Data           2  main.o(.data)
    valor_ingresado                          0x20010016   Data           8  main.o(.data)
    iterador                                 0x2001001e   Data           2  main.o(.data)
    bandera_aceptar                          0x20010020   Data           1  main.o(.data)
    divisor                                  0x20010022   Data           2  main.o(.data)
    tiempo_servo                             0x20010024   Data           2  main.o(.data)
    amplitud                                 0x20010026   Data           2  main.o(.data)
    tiempo                                   0x20010028   Data           2  main.o(.data)
    funcion                                  0x2001002a   Data           2  main.o(.data)
    frecuencia                               0x2001002c   Data           2  main.o(.data)
    limpiar_pantalla                         0x2001002e   Data           1  main.o(.data)
    home                                     0x2001002f   Data           1  main.o(.data)
    set                                      0x20010030   Data           1  main.o(.data)
    set_modo_1                               0x20010031   Data           1  main.o(.data)
    set_modo_2                               0x20010032   Data           1  main.o(.data)
    prender_display_cursor_parpadea          0x20010033   Data           1  main.o(.data)
    prender_display                          0x20010034   Data           1  main.o(.data)
    apagar_LCD                               0x20010035   Data           1  main.o(.data)
    desplazar_display_derecha                0x20010036   Data           1  main.o(.data)
    desplazar_display_izquierda              0x20010037   Data           1  main.o(.data)
    desplazar_cursor_derecha                 0x20010038   Data           1  main.o(.data)
    desplazar_cursor_izquierda               0x20010039   Data           1  main.o(.data)
    posicion_fila_1                          0x2001003a   Data           1  main.o(.data)
    posicion_fila_2                          0x2001003b   Data           1  main.o(.data)
    SystemCoreClock                          0x2001003c   Data           4  system_stm32f7xx.o(.data)
    __initial_sp                             0x20010448   Data           0  startup_stm32f746xx.o(STACK)



==============================================================================

Memory Map of the image

  Image Entry point : 0x080001dd

  Load Region LR_1 (Base: 0x08000000, Size: 0x00001eb4, Max: 0xffffffff, ABSOLUTE)

    Execution Region ER_RO (Exec base: 0x08000000, Load base: 0x08000000, Size: 0x00001e70, Max: 0xffffffff, ABSOLUTE)

    Exec Addr    Load Addr    Size         Type   Attr      Idx    E Section Name        Object

    0x08000000   0x08000000   0x000001c8   Data   RO          153    RESET               startup_stm32f746xx.o
    0x080001c8   0x080001c8   0x00000000   Code   RO          233  * .ARM.Collect$$$$00000000  mc_w.l(entry.o)
    0x080001c8   0x080001c8   0x00000004   Code   RO          274    .ARM.Collect$$$$00000001  mc_w.l(entry2.o)
    0x080001cc   0x080001cc   0x00000004   Code   RO          277    .ARM.Collect$$$$00000004  mc_w.l(entry5.o)
    0x080001d0   0x080001d0   0x00000000   Code   RO          279    .ARM.Collect$$$$00000008  mc_w.l(entry7b.o)
    0x080001d0   0x080001d0   0x00000000   Code   RO          281    .ARM.Collect$$$$0000000A  mc_w.l(entry8b.o)
    0x080001d0   0x080001d0   0x00000008   Code   RO          282    .ARM.Collect$$$$0000000B  mc_w.l(entry9a.o)
    0x080001d8   0x080001d8   0x00000000   Code   RO          284    .ARM.Collect$$$$0000000D  mc_w.l(entry10a.o)
    0x080001d8   0x080001d8   0x00000000   Code   RO          286    .ARM.Collect$$$$0000000F  mc_w.l(entry11a.o)
    0x080001d8   0x080001d8   0x00000004   Code   RO          275    .ARM.Collect$$$$00002712  mc_w.l(entry2.o)
    0x080001dc   0x080001dc   0x00000024   Code   RO          154  * .text               startup_stm32f746xx.o
    0x08000200   0x08000200   0x0000014e   Code   RO          236    .text               mf_w.l(dadd.o)
    0x0800034e   0x0800034e   0x000000e4   Code   RO          238    .text               mf_w.l(dmul.o)
    0x08000432   0x08000432   0x000000de   Code   RO          240    .text               mf_w.l(ddiv.o)
    0x08000510   0x08000510   0x00000022   Code   RO          242    .text               mf_w.l(dflti.o)
    0x08000532   0x08000532   0x0000003e   Code   RO          244    .text               mf_w.l(dfixi.o)
    0x08000570   0x08000570   0x0000001e   Code   RO          288    .text               mc_w.l(llshl.o)
    0x0800058e   0x0800058e   0x00000020   Code   RO          290    .text               mc_w.l(llushr.o)
    0x080005ae   0x080005ae   0x00000024   Code   RO          292    .text               mc_w.l(llsshr.o)
    0x080005d2   0x080005d2   0x00000000   Code   RO          301    .text               mc_w.l(iusefp.o)
    0x080005d2   0x080005d2   0x000000ba   Code   RO          302    .text               mf_w.l(depilogue.o)
    0x0800068c   0x0800068c   0x00000024   Code   RO          316    .text               mc_w.l(init.o)
    0x080006b0   0x080006b0   0x0000001a   Code   RO          318    .text               mf_w.l(dfltui.o)
    0x080006ca   0x080006ca   0x00000002   PAD
    0x080006cc   0x080006cc   0x00000054   Code   RO            4    i.ADC_IRQHandler    main.o
    0x08000720   0x08000720   0x0000002c   Code   RO            5    i.SysTick_Handler   main.o
    0x0800074c   0x0800074c   0x000000c0   Code   RO          161    i.SystemCoreClockUpdate  system_stm32f7xx.o
    0x0800080c   0x0800080c   0x00000064   Code   RO          162    i.SystemInit        system_stm32f7xx.o
    0x08000870   0x08000870   0x00000020   Code   RO            6    i.UART4_IRQHandler  main.o
    0x08000890   0x08000890   0x00000050   Code   RO            7    i._Z11mover_servov  main.o
    0x080008e0   0x080008e0   0x00000060   Code   RO            8    i._Z12mandar_frasePc  main.o
    0x08000940   0x08000940   0x0000005c   Code   RO            9    i._Z13dividir_datosi  main.o
    0x0800099c   0x0800099c   0x00000020   Code   RO           10    i._Z15enviar_caracterc  main.o
    0x080009bc   0x080009bc   0x0000003c   Code   RO           11    i._Z15mandar_comandosc  main.o
    0x080009f8   0x080009f8   0x0000001a   Code   RO           12    i._Z16__NVIC_EnableIRQ9IRQn_Type  main.o
    0x08000a12   0x08000a12   0x00000002   PAD
    0x08000a14   0x08000a14   0x0000003c   Code   RO           13    i._Z17mandar_caracteresc  main.o
    0x08000a50   0x08000a50   0x00000028   Code   RO           14    i._Z20convercion_analogicav  main.o
    0x08000a78   0x08000a78   0x000003e4   Code   RO           15    i._Z24decodificacion_analogicav  main.o
    0x08000e5c   0x08000e5c   0x00000030   Code   RO          312    i.__ARM_fpclassify  m_wm.l(fpclassify.o)
    0x08000e8c   0x08000e8c   0x00000004   PAD
    0x08000e90   0x08000e90   0x000000c8   Code   RO          221    i.__hardfp_sin      m_wm.l(sin.o)
    0x08000f58   0x08000f58   0x00000438   Code   RO          263    i.__ieee754_rem_pio2  m_wm.l(rred.o)
    0x08001390   0x08001390   0x00000170   Code   RO          246    i.__kernel_cos      m_wm.l(cos_i.o)
    0x08001500   0x08001500   0x000000f8   Code   RO          314    i.__kernel_poly     m_wm.l(poly.o)
    0x080015f8   0x080015f8   0x00000130   Code   RO          268    i.__kernel_sin      m_wm.l(sin_i.o)
    0x08001728   0x08001728   0x00000014   Code   RO          250    i.__mathlib_dbl_infnan  m_wm.l(dunder.o)
    0x0800173c   0x0800173c   0x00000004   PAD
    0x08001740   0x08001740   0x00000020   Code   RO          252    i.__mathlib_dbl_invalid  m_wm.l(dunder.o)
    0x08001760   0x08001760   0x00000020   Code   RO          255    i.__mathlib_dbl_underflow  m_wm.l(dunder.o)
    0x08001780   0x08001780   0x0000000e   Code   RO          322    i.__scatterload_copy  mc_w.l(handlers.o)
    0x0800178e   0x0800178e   0x00000002   Code   RO          323    i.__scatterload_null  mc_w.l(handlers.o)
    0x08001790   0x08001790   0x0000000e   Code   RO          324    i.__scatterload_zeroinit  mc_w.l(handlers.o)
    0x0800179e   0x0800179e   0x00000002   PAD
    0x080017a0   0x080017a0   0x0000000c   Code   RO          296    i.__set_errno       mc_w.l(errno.o)
    0x080017ac   0x080017ac   0x00000018   Code   RO          308    i.fabs              m_wm.l(fabs.o)
    0x080017c4   0x080017c4   0x00000550   Code   RO           16    i.main              main.o
    0x08001d14   0x08001d14   0x00000018   Data   RO          163    .constdata          system_stm32f7xx.o
    0x08001d2c   0x08001d2c   0x00000004   PAD
    0x08001d30   0x08001d30   0x00000030   Data   RO          247    .constdata          m_wm.l(cos_i.o)
    0x08001d60   0x08001d60   0x000000c8   Data   RO          265    .constdata          m_wm.l(rred.o)
    0x08001e28   0x08001e28   0x00000028   Data   RO          269    .constdata          m_wm.l(sin_i.o)
    0x08001e50   0x08001e50   0x00000020   Data   RO          320    Region$$Table       anon$$obj.o


    Execution Region ER_RW (Exec base: 0x20010000, Load base: 0x08001e70, Size: 0x00000044, Max: 0xffffffff, ABSOLUTE)

    Exec Addr    Load Addr    Size         Type   Attr      Idx    E Section Name        Object

    0x20010000   0x08001e70   0x0000003c   Data   RW           30    .data               main.o
    0x2001003c   0x08001eac   0x00000004   Data   RW          164    .data               system_stm32f7xx.o
    0x20010040   0x08001eb0   0x00000004   Data   RW          297    .data               mc_w.l(errno.o)


    Execution Region ER_ZI (Exec base: 0x20010044, Load base: 0x08001eb4, Size: 0x00000404, Max: 0xffffffff, ABSOLUTE)

    Exec Addr    Load Addr    Size         Type   Attr      Idx    E Section Name        Object

    0x20010044   0x08001eb4   0x00000004   PAD
    0x20010048        -       0x00000400   Zero   RW          151    STACK               startup_stm32f746xx.o


==============================================================================

Image component sizes


      Code (inc. data)   RO Data    RW Data    ZI Data      Debug   Object Name

      3002        334          0         60          0     671576   main.o
        36          8        456          0       1024        912   startup_stm32f746xx.o
       292         40         24          4          0       6907   system_stm32f7xx.o

    ----------------------------------------------------------------------
      3332        382        516         64       1024     679395   Object Totals
         0          0         32          0          0          0   (incl. Generated)
         2          0          4          0          0          0   (incl. Padding)

    ----------------------------------------------------------------------

      Code (inc. data)   RO Data    RW Data    ZI Data      Debug   Library Member Name

       368         46         48          0          0        200   cos_i.o
        84         16          0          0          0        372   dunder.o
        24          0          0          0          0        124   fabs.o
        48          0          0          0          0        124   fpclassify.o
       248          0          0          0          0        152   poly.o
      1080        142        200          0          0        188   rred.o
       200         20          0          0          0        164   sin.o
       304         24         40          0          0        208   sin_i.o
         0          0          0          0          0          0   entry.o
         0          0          0          0          0          0   entry10a.o
         0          0          0          0          0          0   entry11a.o
         8          4          0          0          0          0   entry2.o
         4          0          0          0          0          0   entry5.o
         0          0          0          0          0          0   entry7b.o
         0          0          0          0          0          0   entry8b.o
         8          4          0          0          0          0   entry9a.o
        12          6          0          4          0         68   errno.o
        30          0          0          0          0          0   handlers.o
        36          8          0          0          0         68   init.o
         0          0          0          0          0          0   iusefp.o
        30          0          0          0          0         68   llshl.o
        36          0          0          0          0         68   llsshr.o
        32          0          0          0          0         68   llushr.o
       334          0          0          0          0        148   dadd.o
       222          0          0          0          0        100   ddiv.o
       186          0          0          0          0        176   depilogue.o
        62          0          0          0          0         80   dfixi.o
        34          0          0          0          0         76   dflti.o
        26          0          0          0          0         76   dfltui.o
       228          0          0          0          0         96   dmul.o

    ----------------------------------------------------------------------
      3656        270        288          4          4       2624   Library Totals
        12          0          0          0          4          0   (incl. Padding)

    ----------------------------------------------------------------------

      Code (inc. data)   RO Data    RW Data    ZI Data      Debug   Library Name

      2356        248        288          0          0       1532   m_wm.l
       196         22          0          4          0        340   mc_w.l
      1092          0          0          0          0        752   mf_w.l

    ----------------------------------------------------------------------
      3656        270        288          4          4       2624   Library Totals

    ----------------------------------------------------------------------

==============================================================================


      Code (inc. data)   RO Data    RW Data    ZI Data      Debug   

      6988        652        804         68       1028     679655   Grand Totals
      6988        652        804         68       1028     679655   ELF Image Totals
      6988        652        804         68          0          0   ROM Totals

==============================================================================

    Total RO  Size (Code + RO Data)                 7792 (   7.61kB)
    Total RW  Size (RW Data + ZI Data)              1096 (   1.07kB)
    Total ROM Size (Code + RO Data + RW Data)       7860 (   7.68kB)

==============================================================================

